###############################################################################
#
# IAR ELF Linker V7.20.2.7424/W32 for ARM                 18/Feb/2016  02:09:44
# Copyright 2007-2014 IAR Systems AB.
#
#    Output file  =  
#        E:\freescale_racing\framework2016\FLASH\Exe\framework2016_K60.out
#    Map file     =  
#        E:\freescale_racing\framework2016\FLASH\List\framework2016_K60.map
#    Command line =  
#        E:\freescale_racing\framework2016\FLASH\Obj\Bluetooth.o
#        E:\freescale_racing\framework2016\FLASH\Obj\Cam.o
#        E:\freescale_racing\framework2016\FLASH\Obj\CCD.o
#        E:\freescale_racing\framework2016\FLASH\Obj\DEV_MMA8451.o
#        E:\freescale_racing\framework2016\FLASH\Obj\Flash.o
#        E:\freescale_racing\framework2016\FLASH\Obj\framework2016.o
#        E:\freescale_racing\framework2016\FLASH\Obj\HMI.o
#        E:\freescale_racing\framework2016\FLASH\Obj\HW_I2C.o
#        E:\freescale_racing\framework2016\FLASH\Obj\HW_MCG.o
#        E:\freescale_racing\framework2016\FLASH\Obj\IMU.o
#        E:\freescale_racing\framework2016\FLASH\Obj\Mag.o
#        E:\freescale_racing\framework2016\FLASH\Obj\Motor.o
#        E:\freescale_racing\framework2016\FLASH\Obj\OLED.o
#        E:\freescale_racing\framework2016\FLASH\Obj\OLED_UI.o
#        E:\freescale_racing\framework2016\FLASH\Obj\PIT.o
#        E:\freescale_racing\framework2016\FLASH\Obj\relocate.o
#        E:\freescale_racing\framework2016\FLASH\Obj\startup_K60.o
#        E:\freescale_racing\framework2016\FLASH\Obj\system_MK60DZ10.o
#        E:\freescale_racing\framework2016\FLASH\Obj\UART.o
#        E:\freescale_racing\framework2016\FLASH\Obj\UI_Operation.o --redirect
#        _Printf=_PrintfFull --redirect _Scanf=_ScanfFull -o
#        E:\freescale_racing\framework2016\FLASH\Exe\framework2016_K60.out
#        --map
#        E:\freescale_racing\framework2016\FLASH\List\framework2016_K60.map
#        --config
#        E:\freescale_racing\framework2016\iar_config_files\LPLD_K60DN512_FLASH.icf
#        --semihosting --entry __iar_program_start "C:\Program Files (x86)\IAR
#        Systems\Embedded Workbench 7.0\arm\CMSIS\Lib\IAR\iar_cortexM4l_math.a"
#        --merge_duplicate_sections --vfe
#
###############################################################################

*******************************************************************************
*** RUNTIME MODEL ATTRIBUTES
***

CppFlavor       = *
__SystemLibrary = DLib


*******************************************************************************
*** PLACEMENT SUMMARY
***

"A1":  place at 0x00000000 { ro section .intvec };
"A2":  place at 0x00000410 { ro section .noinit };
"P1":  place in [from 0x00000000 to 0x00080000] { ro, block CodeRelocate };
"P2":  place in [from 0x1fff0410 to 0x20010000] {
          rw, block CodeRelocateRam, block CSTACK, block HEAP };

  Section              Kind        Address     Size  Object
  -------              ----        -------     ----  ------
"A1":                                         0x400
  .intvec              ro code  0x00000000    0x400  startup_K60.o [1]
                              - 0x00000400    0x400

"P1", part 1 of 2:                              0x0
  .rodata              const    0x00000400      0x0  zero_init3.o [4]

"A2":                                          0x14
  .noinit              ro code  0x00000410     0x10  startup_K60.o [1]
  .noinit              ro code  0x00000420      0x4  startup_K60.o [1]
                              - 0x00000424     0x14

"P1", part 2 of 2:                           0x2ab0
  .text                ro code  0x00000424    0x704  Cam.o [1]
  .text                ro code  0x00000b28    0x210  HMI.o [1]
  .text                ro code  0x00000d38     0x84  Bluetooth.o [1]
  .text                ro code  0x00000dbc    0x490  OLED.o [1]
  .text                ro code  0x0000124c    0x3c8  UART.o [1]
  .text                ro code  0x00001614    0x500  Motor.o [1]
  .text                ro code  0x00001b14    0x2cc  PIT.o [1]
  .text                ro code  0x00001de0    0x250  UI_Operation.o [1]
  .text                ro code  0x00002030     0xe0  OLED_UI.o [1]
  .text                ro code  0x00002110    0x22c  Flash.o [1]
  .rodata              const    0x0000233c    0x228  OLED.o [1]
  .text                ro code  0x00002564    0x218  framework2016.o [1]
  .text                ro code  0x0000277c     0x56  ABImemcpy_unaligned.o [4]
  .text                ro code  0x000027d2     0x22  zero_init3.o [4]
  Veneer               ro code  0x000027f4      0x8  - Linker created -
  .text                ro code  0x000027fc    0x198  HW_MCG.o [1]
  .text                ro code  0x00002994    0x180  system_MK60DZ10.o [1]
  .text                ro code  0x00002b14     0xa0  relocate.o [1]
  .text                ro code  0x00002bb4     0xc8  HW_I2C.o [1]
  .data_init                    0x00002c7c     0x68  <Block>
    Initializer bytes  ro data  0x00002c7c     0x68  <for .data-1>
  CodeRelocate                  0x00002ce4     0x4c  <Block>
    Initializer bytes  ro data  0x00002ce4     0x4c  <for CodeRelocateRam-1>
  .text                ro code  0x00002d30     0x28  data_init.o [4]
  .iar.init_table      const    0x00002d58     0x10  - Linker created -
  .text                ro code  0x00002d68     0x1a  cmain.o [4]
  .text                ro code  0x00002d82      0x4  low_level_init.o [3]
  .text                ro code  0x00002d86      0x4  exit.o [3]
  .text                ro code  0x00002d8c      0xa  cexit.o [4]
  .text                ro code  0x00002d98     0x14  exit.o [5]
  .rodata              const    0x00002dac     0x18  Bluetooth.o [1]
  .rodata              const    0x00002dc4     0x18  framework2016.o [1]
  .rodata              const    0x00002ddc     0x18  framework2016.o [1]
  .rodata              const    0x00002df4     0x14  Bluetooth.o [1]
  .rodata              const    0x00002e08     0x14  framework2016.o [1]
  .rodata              const    0x00002e1c     0x14  framework2016.o [1]
  .rodata              const    0x00002e30     0x14  system_MK60DZ10.o [1]
  .rodata              const    0x00002e44      0xc  Bluetooth.o [1]
  .rodata              const    0x00002e50      0xc  framework2016.o [1]
  .rodata              const    0x00002e5c      0xc  framework2016.o [1]
  .rodata              const    0x00002e68      0xc  framework2016.o [1]
  .rodata              const    0x00002e74      0xc  framework2016.o [1]
  .rodata              const    0x00002e80      0xc  system_MK60DZ10.o [1]
  .rodata              const    0x00002e8c      0xc  system_MK60DZ10.o [1]
  .rodata              const    0x00002e98      0xc  system_MK60DZ10.o [1]
  .rodata              const    0x00002ea4      0xc  system_MK60DZ10.o [1]
  .text                ro code  0x00002eb0      0xc  cstartup_M.o [4]
  .rodata              const    0x00002ebc      0x8  OLED_UI.o [1]
  .rodata              const    0x00002ec4      0x8  OLED_UI.o [1]
  .rodata              const    0x00002ecc      0x8  system_MK60DZ10.o [1]
                              - 0x00002ed4   0x2ab0

"P2":                                       0x166d0
  .data                         0x1fff0410     0x68  <Block>
    .data-1                     0x1fff0410     0x68  <Init block>
      .data            inited   0x1fff0410     0x10  Cam.o [1]
      .data            inited   0x1fff0420      0x4  Cam.o [1]
      .data            inited   0x1fff0424      0x4  Cam.o [1]
      .data            inited   0x1fff0428      0x4  Cam.o [1]
      .data            inited   0x1fff042c      0x1  Cam.o [1]
      .data            inited   0x1fff0430      0x4  Cam.o [1]
      .data            inited   0x1fff0434     0x20  Flash.o [1]
      .data            inited   0x1fff0454      0x4  HW_MCG.o [1]
      .data            inited   0x1fff0458      0x4  HW_MCG.o [1]
      .data            inited   0x1fff045c      0x4  HW_MCG.o [1]
      .data            inited   0x1fff0460      0x4  HW_MCG.o [1]
      .data            inited   0x1fff0464     0x10  OLED_UI.o [1]
      .data            inited   0x1fff0474      0x4  system_MK60DZ10.o [1]
  CodeRelocateRam               0x1fff0478     0x4c  <Block>
    CodeRelocateRam-1           0x1fff0478     0x4c  <Init block>
      .textrw          inited   0x1fff0478     0x4c  HW_MCG.o [1]
  .bss                          0x1fff04c4   0x761c  <Block>
    .bss               zero     0x1fff04c4   0x1d54  Cam.o [1]
    .bss               zero     0x1fff2218   0x1d54  Cam.o [1]
    .bss               zero     0x1fff3f6c   0x1d54  Cam.o [1]
    .bss               zero     0x1fff5cc0   0x1d54  Cam.o [1]
    .bss               zero     0x1fff7a14      0x4  Cam.o [1]
    .bss               zero     0x1fff7a18      0x4  Cam.o [1]
    .bss               zero     0x1fff7a1c      0x4  Cam.o [1]
    .bss               zero     0x1fff7a20      0x4  Cam.o [1]
    .bss               zero     0x1fff7a24      0x4  Cam.o [1]
    .bss               zero     0x1fff7a28      0x4  Cam.o [1]
    .bss               zero     0x1fff7a2c      0x4  Cam.o [1]
    .bss               zero     0x1fff7a30      0x4  Cam.o [1]
    .bss               zero     0x1fff7a34     0x20  Flash.o [1]
    .bss               zero     0x1fff7a54      0x8  HW_I2C.o [1]
    .bss               zero     0x1fff7a5c      0x4  OLED_UI.o [1]
    .bss               zero     0x1fff7a60      0x4  PIT.o [1]
    .bss               zero     0x1fff7a64      0x4  PIT.o [1]
    .bss               zero     0x1fff7a68      0x4  PIT.o [1]
    .bss               zero     0x1fff7a6c      0x4  PIT.o [1]
    .bss               zero     0x1fff7a70     0x40  UART.o [1]
    .bss               zero     0x1fff7ab0      0x2  HMI.o [1]
    .bss               zero     0x1fff7ab2      0x2  HMI.o [1]
    .bss               zero     0x1fff7ab4      0x2  Motor.o [1]
    .bss               zero     0x1fff7ab6      0x2  Motor.o [1]
    .bss               zero     0x1fff7ab8      0x2  Motor.o [1]
    .bss               zero     0x1fff7aba      0x2  Motor.o [1]
    .bss               zero     0x1fff7abc      0x2  Motor.o [1]
    .bss               zero     0x1fff7abe      0x2  Motor.o [1]
    .bss               zero     0x1fff7ac0      0x2  Motor.o [1]
    .bss               zero     0x1fff7ac2      0x2  OLED_UI.o [1]
    .bss               zero     0x1fff7ac4      0x2  OLED_UI.o [1]
    .bss               zero     0x1fff7ac6      0x2  UI_Operation.o [1]
    .bss               zero     0x1fff7ac8      0x2  UI_Operation.o [1]
    .bss               zero     0x1fff7aca      0x1  Cam.o [1]
    .bss               zero     0x1fff7acb      0x1  Cam.o [1]
    .bss               zero     0x1fff7acc      0x1  Cam.o [1]
    .bss               zero     0x1fff7acd      0x1  Cam.o [1]
    .bss               zero     0x1fff7ace      0x1  Cam.o [1]
    .bss               zero     0x1fff7acf      0x1  framework2016.o [1]
    .bss               zero     0x1fff7ad0      0x1  Motor.o [1]
    .bss               zero     0x1fff7ad1      0x1  UART.o [1]
    .bss               zero     0x1fff7ad2      0x1  UART.o [1]
    .bss               zero     0x1fff7ad3      0x1  UI_Operation.o [1]
    .bss               zero     0x1fff7ad4      0x1  UI_Operation.o [1]
    .bss               zero     0x1fff7ad5      0x1  UI_Operation.o [1]
    .bss               zero     0x1fff7ad6      0x1  UI_Operation.o [1]
    .bss               zero     0x1fff7ad7      0x1  UI_Operation.o [1]
    .bss               zero     0x1fff7ad8      0x1  UI_Operation.o [1]
    .bss               zero     0x1fff7ad9      0x1  UI_Operation.o [1]
    .bss               zero     0x1fff7ada      0x1  UI_Operation.o [1]
    .bss               zero     0x1fff7adb      0x1  UI_Operation.o [1]
    .bss               zero     0x1fff7adc      0x1  UI_Operation.o [1]
    .bss               zero     0x1fff7add      0x1  UI_Operation.o [1]
    .bss               zero     0x1fff7ade      0x1  UI_Operation.o [1]
  CSTACK                        0x1fff7ae0   0xf000  <Block>
    CSTACK             uninit   0x1fff7ae0   0xf000  <Block tail>
                              - 0x20006ae0  0x166d0


*******************************************************************************
*** INIT TABLE
***

          Address     Size
          -------     ----
Zero (__iar_zero_init3)
    1 destination range, total size 0x761b:
          0x1fff04c4  0x761b



*******************************************************************************
*** MODULE SUMMARY
***

    Module                 ro code  rw code  ro data  rw data
    ------                 -------  -------  -------  -------
E:\freescale_racing\framework2016\FLASH\Obj: [1]
    Bluetooth.o                132                56
    Cam.o                    1 796                36   30 102
    Flash.o                    556                32       64
    HMI.o                      528                          4
    HW_I2C.o                   200                          8
    HW_MCG.o                   408       76       92       16
    Motor.o                  1 280                         15
    OLED.o                   1 168               552
    OLED_UI.o                  224                32       24
    PIT.o                      716                         16
    UART.o                     968                         66
    UI_Operation.o             592                         16
    framework2016.o            536               136        1
    relocate.o                 160
    startup_K60.o            1 044
    system_MK60DZ10.o          384                80        4
    ---------------------------------------------------------
    Total:                  10 692       76    1 016   30 336

command line: [2]
    ---------------------------------------------------------
    Total:

dl7M_tln.a: [3]
    exit.o                       4
    low_level_init.o             4
    ---------------------------------------------------------
    Total:                       8

rt7M_tl.a: [4]
    ABImemcpy_unaligned.o       86
    cexit.o                     10
    cmain.o                     26
    cstartup_M.o                12
    data_init.o                 40
    zero_init3.o                34
    ---------------------------------------------------------
    Total:                     208

shb_l.a: [5]
    exit.o                      20
    ---------------------------------------------------------
    Total:                      20

    Gaps                         4                          3
    Linker created               8                16   61 440
-------------------------------------------------------------
    Grand Total:            10 940       76    1 032   91 779


*******************************************************************************
*** ENTRY LIST
***

Entry                      Address    Size  Type      Object
-----                      -------    ----  ----      ------
.bss$$Base              0x1fff04c4           --   Gb  - Linker created -
.bss$$Limit             0x1fff7ae0           --   Gb  - Linker created -
.data$$Base             0x1fff0410           --   Gb  - Linker created -
.data$$Limit            0x1fff0478           --   Gb  - Linker created -
.data_init$$Base        0x00002c7c           --   Gb  - Linker created -
.data_init$$Limit       0x00002ce4           --   Gb  - Linker created -
?main                   0x00002d69          Code  Gb  cmain.o [4]
ADC1_enabled            0x1fff7acf     0x1  Data  Gb  framework2016.o [1]
BELL                    0x00000b71     0x2  Code  Gb  HMI.o [1]
Battery                 0x00000b73    0x16  Code  Gb  HMI.o [1]
Bell_Request            0x00000b29     0x8  Code  Gb  HMI.o [1]
Bell_Service            0x00000b31    0x24  Code  Gb  HMI.o [1]
Bluetooth_Configure     0x00000d39    0x46  Code  Gb  Bluetooth.o [1]
Bluetooth_SendDataChunkAsync
                        0x00000d99     0xa  Code  Gb  Bluetooth.o [1]
Bluetooth_SendDataChunkSync
                        0x00000d7f    0x1a  Code  Gb  Bluetooth.o [1]
BusFault_Handler        0x000026b1    0x28  Code  Gb  framework2016.o [1]
CSTACK$$Base            0x1fff7ae0           --   Gb  - Linker created -
CSTACK$$Limit           0x20006ae0           --   Gb  - Linker created -
Cam_Algorithm           0x0000049f    0xb0  Code  Gb  Cam.o [1]
Cam_Init                0x000006f7   0x27a  Code  Gb  Cam.o [1]
CodeRelocate$$Base      0x00002ce4           --   Gb  - Linker created -
CodeRelocate$$Limit     0x00002d30           --   Gb  - Linker created -
CodeRelocateRam$$Base   0x1fff0478           --   Gb  - Linker created -
CodeRelocateRam$$Limit  0x1fff04c4           --   Gb  - Linker created -
DMA0_IRQHandler         0x000006df    0x18  Code  Gb  Cam.o [1]
DMA1_IRQHandler         0x00000971    0x92  Code  Gb  Cam.o [1]
DefaultISR              0x00002729    0x28  Code  Gb  framework2016.o [1]
F6x8                    0x0000233c   0x228  Data  Gb  OLED.o [1]
FlashCMD                0x000022e3    0x26  Code  Lc  Flash.o [1]
Flash_Data_Reset        0x0000219b    0x3c  Code  Gb  Flash.o [1]
Flash_Data_Update       0x0000215f    0x3c  Code  Gb  Flash.o [1]
Flash_Erase             0x00002219    0x42  Code  Gb  Flash.o [1]
Flash_Init              0x000021d7    0x42  Code  Gb  Flash.o [1]
Flash_Program           0x0000225b    0x88  Code  Gb  Flash.o [1]
Flash_Read              0x0000213f    0x20  Code  Gb  Flash.o [1]
Flash_Write             0x00002111    0x2e  Code  Gb  Flash.o [1]
HMI_Init                0x00000b89   0x154  Code  Gb  HMI.o [1]
HardFault_Handler       0x00002701    0x28  Code  Gb  framework2016.o [1]
I2C0_IRQHandler         0x00002bb5    0x5a  Code  Gb  HW_I2C.o [1]
I2C1_IRQHandler         0x00002c0f    0x5a  Code  Gb  HW_I2C.o [1]
I2C_ISR                 0x1fff7a54     0x8  Data  Gb  HW_I2C.o [1]
Key1_Downspin_Func      0x00001dff     0x8  Code  Gb  UI_Operation.o [1]
Key1_Read               0x00001ee7    0x54  Code  Gb  UI_Operation.o [1]
Key1_Rise_Func          0x00001de1     0xa  Code  Gb  UI_Operation.o [1]
Key1_cnt                0x1fff7ada     0x1  Data  Gb  UI_Operation.o [1]
Key1_down               0x1fff7ad4     0x1  Data  Gb  UI_Operation.o [1]
Key1_rise               0x1fff7ad7     0x1  Data  Gb  UI_Operation.o [1]
Key1_risemask           0x1fff7adc     0x1  Data  Gb  UI_Operation.o [1]
Key2_Downspin_Func      0x00001e07     0x8  Code  Gb  UI_Operation.o [1]
Key2_Read               0x00001f3b    0x54  Code  Gb  UI_Operation.o [1]
Key2_Rise_Func          0x00001deb     0xa  Code  Gb  UI_Operation.o [1]
Key2_cnt                0x1fff7adb     0x1  Data  Gb  UI_Operation.o [1]
Key2_down               0x1fff7ad5     0x1  Data  Gb  UI_Operation.o [1]
Key2_rise               0x1fff7ad8     0x1  Data  Gb  UI_Operation.o [1]
Key2_risemask           0x1fff7add     0x1  Data  Gb  UI_Operation.o [1]
Key3_Downspin_Func      0x00001e0f     0x8  Code  Gb  UI_Operation.o [1]
Key3_Read               0x00001f8f    0x64  Code  Gb  UI_Operation.o [1]
Key3_Rise_Func          0x00001df5     0xa  Code  Gb  UI_Operation.o [1]
Key3_cnt                0x1fff7ad9     0x1  Data  Gb  UI_Operation.o [1]
Key3_down               0x1fff7ad3     0x1  Data  Gb  UI_Operation.o [1]
Key3_rise               0x1fff7ad6     0x1  Data  Gb  UI_Operation.o [1]
Key3_risemask           0x1fff7ade     0x1  Data  Gb  UI_Operation.o [1]
LED1_Tog                0x00000b63     0xe  Code  Gb  HMI.o [1]
LED2_Tog                0x00000b55     0xe  Code  Gb  HMI.o [1]
LPLD_PLL_Setup          0x000027fd   0x198  Code  Gb  HW_MCG.o [1]
LPLD_Set_SYS_DIV        0x1fff0479    0x4c  Code  Gb  HW_MCG.o [1]
LockState               0x1fff0430     0x4  Data  Gb  Cam.o [1]
MotorL_Enable           0x0000168f    0x2a  Code  Gb  Motor.o [1]
MotorR_Enable           0x000016b9    0x2a  Code  Gb  Motor.o [1]
Motor_Init              0x00001783    0xe0  Code  Gb  Motor.o [1]
NMI_Handler             0x000026d9    0x28  Code  Gb  framework2016.o [1]
NVIC_EnableIRQ          0x00000425    0x16  Code  Lc  Cam.o [1]
NVIC_EnableIRQ          0x00001615    0x16  Code  Lc  Motor.o [1]
NVIC_EnableIRQ          0x00001b15    0x14  Code  Lc  PIT.o [1]
NVIC_EnableIRQ          0x0000124d    0x16  Code  Lc  UART.o [1]
NVIC_EncodePriority     0x00000461    0x3e  Code  Lc  Cam.o [1]
NVIC_EncodePriority     0x00001651    0x3e  Code  Lc  Motor.o [1]
NVIC_EncodePriority     0x00001b4b    0x3e  Code  Lc  PIT.o [1]
NVIC_EncodePriority     0x00001289    0x3e  Code  Lc  UART.o [1]
NVIC_SetPriority        0x0000043b    0x26  Code  Lc  Cam.o [1]
NVIC_SetPriority        0x0000162b    0x26  Code  Lc  Motor.o [1]
NVIC_SetPriority        0x00001b29    0x22  Code  Lc  PIT.o [1]
NVIC_SetPriority        0x00001263    0x26  Code  Lc  UART.o [1]
NVIC_SetPriorityGrouping
                        0x00002995    0x1c  Code  Lc  system_MK60DZ10.o [1]
Oled_Clear              0x00000f47    0x38  Code  Gb  OLED.o [1]
Oled_DC                 0x00001209    0x22  Code  Gb  OLED.o [1]
Oled_DLY_ms             0x000010af    0x1a  Code  Gb  OLED.o [1]
Oled_Init               0x00000f7f   0x130  Code  Gb  OLED.o [1]
Oled_Putnum             0x00000e3b   0x10c  Code  Gb  OLED.o [1]
Oled_Putstr             0x00000dbd    0x7e  Code  Gb  OLED.o [1]
Oled_RST                0x000011e7    0x22  Code  Gb  OLED.o [1]
Oled_SCL                0x000011a3    0x22  Code  Gb  OLED.o [1]
Oled_SDA                0x000011c5    0x22  Code  Gb  OLED.o [1]
Oled_Set_Pos            0x00001165    0x3e  Code  Gb  OLED.o [1]
Oled_WrCmd              0x00001121    0x44  Code  Gb  OLED.o [1]
Oled_WrDat              0x000010c9    0x56  Code  Gb  OLED.o [1]
PIT0_IRQHandler         0x00001be7    0x98  Code  Gb  PIT.o [1]
PIT0_Init               0x00001c7f    0x62  Code  Gb  PIT.o [1]
PIT1_IRQHandler         0x00001b89    0x5e  Code  Gb  PIT.o [1]
PIT1_Init               0x00001ce1    0x62  Code  Gb  PIT.o [1]
PIT2_Init               0x00001d43    0x28  Code  Gb  PIT.o [1]
PORTA_IRQHandler        0x000019ab    0x9a  Code  Gb  Motor.o [1]
PORTC_IRQHandler        0x0000054f   0x190  Code  Gb  Cam.o [1]
Region$$Table$$Base     0x00002d58           --   Gb  - Linker created -
Region$$Table$$Limit    0x00002d68           --   Gb  - Linker created -
Servo_Init              0x0000194b    0x48  Code  Gb  Motor.o [1]
Spin_Func               0x00001e17     0xa  Code  Gb  UI_Operation.o [1]
SystemCoreClock         0x1fff0474     0x4  Data  Gb  system_MK60DZ10.o [1]
SystemCoreClockUpdate   0x00002a95    0x26  Code  Gb  system_MK60DZ10.o [1]
SystemInit              0x000029b1    0xe4  Code  Gb  system_MK60DZ10.o [1]
Tacho0_Dir              0x00001993     0xc  Code  Gb  Motor.o [1]
Tacho0_Get              0x000016e3    0x1e  Code  Gb  Motor.o [1]
Tacho0_Renew            0x00001701    0x64  Code  Gb  Motor.o [1]
Tacho1_Dir              0x0000199f     0xc  Code  Gb  Motor.o [1]
Tacho1_Get              0x00001765    0x1e  Code  Gb  Motor.o [1]
Tacho_Init              0x00001863    0xe8  Code  Gb  Motor.o [1]
UART3_IRQHandler        0x00001301    0x12  Code  Gb  UART.o [1]
UART_Configure_DMA      0x00001417    0x94  Code  Gb  UART.o [1]
UART_DMASend_Start      0x000013df    0x1c  Code  Gb  UART.o [1]
UART_GetChar            0x00001313    0x12  Code  Gb  UART.o [1]
UART_Init               0x00001325    0xba  Code  Gb  UART.o [1]
UART_Push               0x000012c7    0x3a  Code  Gb  UART.o [1]
UART_SendDataChunk      0x000013fb    0x1c  Code  Gb  UART.o [1]
UART_SetMode            0x000014ab    0xdc  Code  Gb  UART.o [1]
UI_Operation_Service    0x00001e21    0xc6  Code  Gb  UI_Operation.o [1]
UI_SystemInfo           0x00002031    0xaa  Code  Gb  OLED_UI.o [1]
__BOOT_STACK_ADDRESS {Abs}
                        0x2000fff8           --   Gb  command line/config [2]
__VECTOR_RAM {Abs}      0x1fff0000           --   Gb  command line/config [2]
__VECTOR_TABLE {Abs}    0x00000000           --   Gb  command line/config [2]
__Vectors               0x00000000           --   Gb  startup_K60.o [1]
__Vectors_End           0x00000400          Data  Gb  startup_K60.o [1]
__Vectors_Size {Abs}    0x00000400           --   Gb  startup_K60.o [1]
__as_entries_start      0xffffffff           --   Gb  command line/config [2]
__as_table_start        0xffffffff           --   Gb  command line/config [2]
__cmain                 0x00002d69          Code  Gb  cmain.o [4]
__exit                  0x00002d99    0x14  Code  Gb  exit.o [5]
__iar_data_init3        0x00002d31    0x28  Code  Gb  data_init.o [4]
__iar_program_start     0x00002eb1          Code  Gb  cstartup_M.o [4]
__iar_unaligned___aeabi_memcpy4
                        0x0000277d          Code  Gb  ABImemcpy_unaligned.o [4]
__iar_unaligned___aeabi_memcpy8
                        0x0000277d          Code  Gb  ABImemcpy_unaligned.o [4]
__iar_zero_init3        0x000027d3    0x22  Code  Gb  zero_init3.o [4]
__low_level_init        0x00002d83     0x4  Code  Gb  low_level_init.o [3]
__vector_table          0x00000000          Data  Gb  startup_K60.o [1]
__vector_table_0x1c     0x0000001c          Data  Gb  startup_K60.o [1]
_call_main              0x00002d75          Code  Gb  cmain.o [4]
_exit                   0x00002d8d          Code  Gb  cexit.o [4]
_main                   0x00002d7f          Code  Gb  cmain.o [4]
battery                 0x1fff7ab0     0x2  Data  Gb  HMI.o [1]
bell_request_tick       0x1fff7ab2     0x2  Data  Gb  HMI.o [1]
buffer_ptr              0x1fff0410    0x10  Data  Gb  Cam.o [1]
cam_buffer0             0x1fff04c4  0x1d54  Data  Gb  Cam.o [1]
cam_buffer1             0x1fff2218  0x1d54  Data  Gb  Cam.o [1]
cam_buffer2             0x1fff3f6c  0x1d54  Data  Gb  Cam.o [1]
cam_buffer3             0x1fff5cc0  0x1d54  Data  Gb  Cam.o [1]
cam_row                 0x1fff7aca     0x1  Data  Gb  Cam.o [1]
common_relocate         0x00002b15    0xa0  Code  Gb  relocate.o [1]
current_frame_indicator
                        0x1fff7acc     0x1  Data  Gb  Cam.o [1]
data                    0x1fff7a34    0x20  Data  Gb  Flash.o [1]
data_initial            0x1fff0434    0x20  Data  Gb  Flash.o [1]
debug_msg               0x1fff0464    0x10  Data  Gb  OLED_UI.o [1]
debug_num               0x1fff7ac2     0x2  Data  Gb  OLED_UI.o [1]
e_debug_num             0x1fff7ac4     0x2  Data  Gb  OLED_UI.o [1]
exit                    0x00002d87     0x4  Code  Gb  exit.o [3]
ftm1cnt_last            0x1fff7abc     0x2  Data  Gb  Motor.o [1]
g_bus_clock             0x1fff0458     0x4  Data  Gb  HW_MCG.o [1]
g_core_clock            0x1fff0454     0x4  Data  Gb  HW_MCG.o [1]
g_flash_clock           0x1fff045c     0x4  Data  Gb  HW_MCG.o [1]
g_flexbus_clock         0x1fff0460     0x4  Data  Gb  HW_MCG.o [1]
img_buffer              0x1fff0428     0x4  Data  Gb  Cam.o [1]
img_row                 0x1fff7acb     0x1  Data  Gb  Cam.o [1]
last_frame_indicator    0x1fff042c     0x1  Data  Gb  Cam.o [1]
last_processed_frame    0x1fff7a20     0x4  Data  Gb  Cam.o [1]
last_sent_frame         0x1fff7a24     0x4  Data  Gb  Cam.o [1]
loading_buffer          0x1fff0424     0x4  Data  Gb  Cam.o [1]
loading_frame           0x1fff7a18     0x4  Data  Gb  Cam.o [1]
main                    0x00002565   0x14c  Code  Gb  framework2016.o [1]
pit0_time               0x1fff7a64     0x4  Data  Gb  PIT.o [1]
pit1_time               0x1fff7a68     0x4  Data  Gb  PIT.o [1]
pit1_time_tmp           0x1fff7a6c     0x4  Data  Gb  PIT.o [1]
process_diff            0x1fff7a28     0x4  Data  Gb  Cam.o [1]
processing_frame        0x1fff7a14     0x4  Data  Gb  Cam.o [1]
processing_frame_indicator
                        0x1fff7acd     0x1  Data  Gb  Cam.o [1]
send_diff               0x1fff7a2c     0x4  Data  Gb  Cam.o [1]
sending_buffer          0x1fff0420     0x4  Data  Gb  Cam.o [1]
sending_frame           0x1fff7a1c     0x4  Data  Gb  Cam.o [1]
sending_frame_indicator
                        0x1fff7ace     0x1  Data  Gb  Cam.o [1]
tacho0                  0x1fff7ab4     0x2  Data  Gb  Motor.o [1]
tacho0_dir              0x1fff7ad0     0x1  Data  Gb  Motor.o [1]
tacho0_last             0x1fff7ac0     0x2  Data  Gb  Motor.o [1]
tacho0_tmp              0x1fff7aba     0x2  Data  Gb  Motor.o [1]
tacho1                  0x1fff7ab6     0x2  Data  Gb  Motor.o [1]
tacho1_last             0x1fff7abe     0x2  Data  Gb  Motor.o [1]
tacho1_tmp              0x1fff7ab8     0x2  Data  Gb  Motor.o [1]
tclk                    0x1fff7a5c     0x4  Data  Gb  OLED_UI.o [1]
time_us                 0x1fff7a60     0x4  Data  Gb  PIT.o [1]
uart_bot_ptr            0x1fff7ad2     0x1  Data  Gb  UART.o [1]
uart_buffer             0x1fff7a70    0x40  Data  Gb  UART.o [1]
uart_top_ptr            0x1fff7ad1     0x1  Data  Gb  UART.o [1]
ui_operation_cnt        0x1fff7ac8     0x2  Data  Gb  UI_Operation.o [1]
ui_operation_shift      0x1fff7ac6     0x2  Data  Gb  UI_Operation.o [1]


[1] = E:\freescale_racing\framework2016\FLASH\Obj
[2] = command line
[3] = dl7M_tln.a
[4] = rt7M_tl.a
[5] = shb_l.a

  10 940 bytes of readonly  code memory
      76 bytes of readwrite code memory
   1 032 bytes of readonly  data memory
  91 779 bytes of readwrite data memory

Errors: none
Warnings: none
